Archive member included to satisfy reference by file (symbol)

/opt/st/stm32cubeide_1.11.0/plugins/com.st.stm32cube.ide.mcu.externaltools.gnu-tools-for-stm32.10.3-2021.10.linux64_1.0.100.202210260954/tools/bin/../lib/gcc/arm-none-eabi/10.3.1/../../../../arm-none-eabi/lib/thumb/v7e-m+fp/hard/libc_nano.a(lib_a-errno.o)
                              ./Core/Src/syscalls.o (__errno)
/opt/st/stm32cubeide_1.11.0/plugins/com.st.stm32cube.ide.mcu.externaltools.gnu-tools-for-stm32.10.3-2021.10.linux64_1.0.100.202210260954/tools/bin/../lib/gcc/arm-none-eabi/10.3.1/../../../../arm-none-eabi/lib/thumb/v7e-m+fp/hard/libc_nano.a(lib_a-exit.o)
                              /opt/st/stm32cubeide_1.11.0/plugins/com.st.stm32cube.ide.mcu.externaltools.gnu-tools-for-stm32.10.3-2021.10.linux64_1.0.100.202210260954/tools/bin/../lib/gcc/arm-none-eabi/10.3.1/../../../../arm-none-eabi/lib/thumb/v7e-m+fp/hard/crt0.o (exit)
/opt/st/stm32cubeide_1.11.0/plugins/com.st.stm32cube.ide.mcu.externaltools.gnu-tools-for-stm32.10.3-2021.10.linux64_1.0.100.202210260954/tools/bin/../lib/gcc/arm-none-eabi/10.3.1/../../../../arm-none-eabi/lib/thumb/v7e-m+fp/hard/libc_nano.a(lib_a-impure.o)
                              /opt/st/stm32cubeide_1.11.0/plugins/com.st.stm32cube.ide.mcu.externaltools.gnu-tools-for-stm32.10.3-2021.10.linux64_1.0.100.202210260954/tools/bin/../lib/gcc/arm-none-eabi/10.3.1/../../../../arm-none-eabi/lib/thumb/v7e-m+fp/hard/libc_nano.a(lib_a-exit.o) (_global_impure_ptr)
/opt/st/stm32cubeide_1.11.0/plugins/com.st.stm32cube.ide.mcu.externaltools.gnu-tools-for-stm32.10.3-2021.10.linux64_1.0.100.202210260954/tools/bin/../lib/gcc/arm-none-eabi/10.3.1/../../../../arm-none-eabi/lib/thumb/v7e-m+fp/hard/libc_nano.a(lib_a-init.o)
                              /opt/st/stm32cubeide_1.11.0/plugins/com.st.stm32cube.ide.mcu.externaltools.gnu-tools-for-stm32.10.3-2021.10.linux64_1.0.100.202210260954/tools/bin/../lib/gcc/arm-none-eabi/10.3.1/../../../../arm-none-eabi/lib/thumb/v7e-m+fp/hard/crt0.o (__libc_init_array)
/opt/st/stm32cubeide_1.11.0/plugins/com.st.stm32cube.ide.mcu.externaltools.gnu-tools-for-stm32.10.3-2021.10.linux64_1.0.100.202210260954/tools/bin/../lib/gcc/arm-none-eabi/10.3.1/../../../../arm-none-eabi/lib/thumb/v7e-m+fp/hard/libc_nano.a(lib_a-memcpy-stub.o)
                              ./Middlewares/Third_Party/FreeRTOS/Source/queue.o (memcpy)
/opt/st/stm32cubeide_1.11.0/plugins/com.st.stm32cube.ide.mcu.externaltools.gnu-tools-for-stm32.10.3-2021.10.linux64_1.0.100.202210260954/tools/bin/../lib/gcc/arm-none-eabi/10.3.1/../../../../arm-none-eabi/lib/thumb/v7e-m+fp/hard/libc_nano.a(lib_a-memset.o)
                              /opt/st/stm32cubeide_1.11.0/plugins/com.st.stm32cube.ide.mcu.externaltools.gnu-tools-for-stm32.10.3-2021.10.linux64_1.0.100.202210260954/tools/bin/../lib/gcc/arm-none-eabi/10.3.1/../../../../arm-none-eabi/lib/thumb/v7e-m+fp/hard/crt0.o (memset)
/opt/st/stm32cubeide_1.11.0/plugins/com.st.stm32cube.ide.mcu.externaltools.gnu-tools-for-stm32.10.3-2021.10.linux64_1.0.100.202210260954/tools/bin/../lib/gcc/arm-none-eabi/10.3.1/thumb/v7e-m+fp/hard/libgcc.a(_aeabi_uldivmod.o)
                              ./Drivers/STM32F4xx_HAL_Driver/Src/stm32f4xx_hal_rcc.o (__aeabi_uldivmod)
/opt/st/stm32cubeide_1.11.0/plugins/com.st.stm32cube.ide.mcu.externaltools.gnu-tools-for-stm32.10.3-2021.10.linux64_1.0.100.202210260954/tools/bin/../lib/gcc/arm-none-eabi/10.3.1/thumb/v7e-m+fp/hard/libgcc.a(_udivmoddi4.o)
                              /opt/st/stm32cubeide_1.11.0/plugins/com.st.stm32cube.ide.mcu.externaltools.gnu-tools-for-stm32.10.3-2021.10.linux64_1.0.100.202210260954/tools/bin/../lib/gcc/arm-none-eabi/10.3.1/thumb/v7e-m+fp/hard/libgcc.a(_aeabi_uldivmod.o) (__udivmoddi4)
/opt/st/stm32cubeide_1.11.0/plugins/com.st.stm32cube.ide.mcu.externaltools.gnu-tools-for-stm32.10.3-2021.10.linux64_1.0.100.202210260954/tools/bin/../lib/gcc/arm-none-eabi/10.3.1/thumb/v7e-m+fp/hard/libgcc.a(_dvmd_tls.o)
                              /opt/st/stm32cubeide_1.11.0/plugins/com.st.stm32cube.ide.mcu.externaltools.gnu-tools-for-stm32.10.3-2021.10.linux64_1.0.100.202210260954/tools/bin/../lib/gcc/arm-none-eabi/10.3.1/thumb/v7e-m+fp/hard/libgcc.a(_aeabi_uldivmod.o) (__aeabi_ldiv0)

Discarded input sections

 .text          0x0000000000000000        0x0 /opt/st/stm32cubeide_1.11.0/plugins/com.st.stm32cube.ide.mcu.externaltools.gnu-tools-for-stm32.10.3-2021.10.linux64_1.0.100.202210260954/tools/bin/../lib/gcc/arm-none-eabi/10.3.1/thumb/v7e-m+fp/hard/crti.o
 .data          0x0000000000000000        0x0 /opt/st/stm32cubeide_1.11.0/plugins/com.st.stm32cube.ide.mcu.externaltools.gnu-tools-for-stm32.10.3-2021.10.linux64_1.0.100.202210260954/tools/bin/../lib/gcc/arm-none-eabi/10.3.1/thumb/v7e-m+fp/hard/crti.o
 .bss           0x0000000000000000        0x0 /opt/st/stm32cubeide_1.11.0/plugins/com.st.stm32cube.ide.mcu.externaltools.gnu-tools-for-stm32.10.3-2021.10.linux64_1.0.100.202210260954/tools/bin/../lib/gcc/arm-none-eabi/10.3.1/thumb/v7e-m+fp/hard/crti.o
[...]
Memory Configuration

Name             Origin             Length             Attributes
CCMRAM           0x0000000010000000 0x0000000000010000 xrw
RAM              0x0000000020000000 0x0000000000020000 xrw
FLASH            0x0000000008000000 0x0000000000100000 xr
*default*        0x0000000000000000 0xffffffffffffffff

Linker script and memory map

LOAD /opt/st/stm32cubeide_1.11.0/plugins/com.st.stm32cube.ide.mcu.externaltools.gnu-tools-for-stm32.10.3-2021.10.linux64_1.0.100.202210260954/tools/bin/../lib/gcc/arm-none-eabi/10.3.1/thumb/v7e-m+fp/hard/crti.o
LOAD /opt/st/stm32cubeide_1.11.0/plugins/com.st.stm32cube.ide.mcu.externaltools.gnu-tools-for-stm32.10.3-2021.10.linux64_1.0.100.202210260954/tools/bin/../lib/gcc/arm-none-eabi/10.3.1/thumb/v7e-m+fp/hard/crtbegin.o
LOAD /opt/st/stm32cubeide_1.11.0/plugins/com.st.stm32cube.ide.mcu.externaltools.gnu-tools-for-stm32.10.3-2021.10.linux64_1.0.100.202210260954/tools/bin/../lib/gcc/arm-none-eabi/10.3.1/../../../../arm-none-eabi/lib/thumb/v7e-m+fp/hard/crt0.o
LOAD ./Core/Src/freertos.o
LOAD ./Core/Src/gpio.o
LOAD ./Core/Src/main.o
LOAD ./Core/Src/stm32f4xx_hal_msp.o
LOAD ./Core/Src/stm32f4xx_it.o
LOAD ./Core/Src/syscalls.o
LOAD ./Core/Src/sysmem.o
LOAD ./Core/Src/system_stm32f4xx.o
LOAD ./Core/Startup/startup_stm32f407vgtx.o
LOAD ./Drivers/STM32F4xx_HAL_Driver/Src/stm32f4xx_hal.o
LOAD ./Drivers/STM32F4xx_HAL_Driver/Src/stm32f4xx_hal_cortex.o
LOAD ./Drivers/STM32F4xx_HAL_Driver/Src/stm32f4xx_hal_dma.o
LOAD ./Drivers/STM32F4xx_HAL_Driver/Src/stm32f4xx_hal_dma_ex.o
LOAD ./Drivers/STM32F4xx_HAL_Driver/Src/stm32f4xx_hal_exti.o
LOAD ./Drivers/STM32F4xx_HAL_Driver/Src/stm32f4xx_hal_flash.o
LOAD ./Drivers/STM32F4xx_HAL_Driver/Src/stm32f4xx_hal_flash_ex.o
LOAD ./Drivers/STM32F4xx_HAL_Driver/Src/stm32f4xx_hal_flash_ramfunc.o
LOAD ./Drivers/STM32F4xx_HAL_Driver/Src/stm32f4xx_hal_gpio.o
LOAD ./Drivers/STM32F4xx_HAL_Driver/Src/stm32f4xx_hal_pwr.o
LOAD ./Drivers/STM32F4xx_HAL_Driver/Src/stm32f4xx_hal_pwr_ex.o
LOAD ./Drivers/STM32F4xx_HAL_Driver/Src/stm32f4xx_hal_rcc.o
LOAD ./Drivers/STM32F4xx_HAL_Driver/Src/stm32f4xx_hal_rcc_ex.o
LOAD ./Drivers/STM32F4xx_HAL_Driver/Src/stm32f4xx_hal_tim.o
LOAD ./Drivers/STM32F4xx_HAL_Driver/Src/stm32f4xx_hal_tim_ex.o
LOAD ./Middlewares/Third_Party/FreeRTOS/Source/CMSIS_RTOS/cmsis_os.o
LOAD ./Middlewares/Third_Party/FreeRTOS/Source/croutine.o
LOAD ./Middlewares/Third_Party/FreeRTOS/Source/event_groups.o
LOAD ./Middlewares/Third_Party/FreeRTOS/Source/list.o
LOAD ./Middlewares/Third_Party/FreeRTOS/Source/queue.o
LOAD ./Middlewares/Third_Party/FreeRTOS/Source/stream_buffer.o
LOAD ./Middlewares/Third_Party/FreeRTOS/Source/tasks.o
LOAD ./Middlewares/Third_Party/FreeRTOS/Source/timers.o
LOAD ./Middlewares/Third_Party/FreeRTOS/Source/portable/GCC/ARM_CM4F/port.o
LOAD ./Middlewares/Third_Party/FreeRTOS/Source/portable/MemMang/heap_2.o
START GROUP
LOAD /opt/st/stm32cubeide_1.11.0/plugins/com.st.stm32cube.ide.mcu.externaltools.gnu-tools-for-stm32.10.3-2021.10.linux64_1.0.100.202210260954/tools/bin/../lib/gcc/arm-none-eabi/10.3.1/../../../../arm-none-eabi/lib/thumb/v7e-m+fp/hard/libc_nano.a
LOAD /opt/st/stm32cubeide_1.11.0/plugins/com.st.stm32cube.ide.mcu.externaltools.gnu-tools-for-stm32.10.3-2021.10.linux64_1.0.100.202210260954/tools/bin/../lib/gcc/arm-none-eabi/10.3.1/../../../../arm-none-eabi/lib/thumb/v7e-m+fp/hard/libm.a
END GROUP
START GROUP
LOAD /opt/st/stm32cubeide_1.11.0/plugins/com.st.stm32cube.ide.mcu.externaltools.gnu-tools-for-stm32.10.3-2021.10.linux64_1.0.100.202210260954/tools/bin/../lib/gcc/arm-none-eabi/10.3.1/thumb/v7e-m+fp/hard/libgcc.a
LOAD /opt/st/stm32cubeide_1.11.0/plugins/com.st.stm32cube.ide.mcu.externaltools.gnu-tools-for-stm32.10.3-2021.10.linux64_1.0.100.202210260954/tools/bin/../lib/gcc/arm-none-eabi/10.3.1/../../../../arm-none-eabi/lib/thumb/v7e-m+fp/hard/libc_nano.a
END GROUP
START GROUP
LOAD /opt/st/stm32cubeide_1.11.0/plugins/com.st.stm32cube.ide.mcu.externaltools.gnu-tools-for-stm32.10.3-2021.10.linux64_1.0.100.202210260954/tools/bin/../lib/gcc/arm-none-eabi/10.3.1/thumb/v7e-m+fp/hard/libgcc.a
LOAD /opt/st/stm32cubeide_1.11.0/plugins/com.st.stm32cube.ide.mcu.externaltools.gnu-tools-for-stm32.10.3-2021.10.linux64_1.0.100.202210260954/tools/bin/../lib/gcc/arm-none-eabi/10.3.1/../../../../arm-none-eabi/lib/thumb/v7e-m+fp/hard/libc_nano.a
LOAD /opt/st/stm32cubeide_1.11.0/plugins/com.st.stm32cube.ide.mcu.externaltools.gnu-tools-for-stm32.10.3-2021.10.linux64_1.0.100.202210260954/tools/bin/../lib/gcc/arm-none-eabi/10.3.1/../../../../arm-none-eabi/lib/thumb/v7e-m+fp/hard/libnosys.a
END GROUP
START GROUP
LOAD /opt/st/stm32cubeide_1.11.0/plugins/com.st.stm32cube.ide.mcu.externaltools.gnu-tools-for-stm32.10.3-2021.10.linux64_1.0.100.202210260954/tools/bin/../lib/gcc/arm-none-eabi/10.3.1/thumb/v7e-m+fp/hard/libgcc.a
LOAD /opt/st/stm32cubeide_1.11.0/plugins/com.st.stm32cube.ide.mcu.externaltools.gnu-tools-for-stm32.10.3-2021.10.linux64_1.0.100.202210260954/tools/bin/../lib/gcc/arm-none-eabi/10.3.1/../../../../arm-none-eabi/lib/thumb/v7e-m+fp/hard/libc_nano.a
LOAD /opt/st/stm32cubeide_1.11.0/plugins/com.st.stm32cube.ide.mcu.externaltools.gnu-tools-for-stm32.10.3-2021.10.linux64_1.0.100.202210260954/tools/bin/../lib/gcc/arm-none-eabi/10.3.1/../../../../arm-none-eabi/lib/thumb/v7e-m+fp/hard/libnosys.a
END GROUP
LOAD /opt/st/stm32cubeide_1.11.0/plugins/com.st.stm32cube.ide.mcu.externaltools.gnu-tools-for-stm32.10.3-2021.10.linux64_1.0.100.202210260954/tools/bin/../lib/gcc/arm-none-eabi/10.3.1/thumb/v7e-m+fp/hard/crtend.o
LOAD /opt/st/stm32cubeide_1.11.0/plugins/com.st.stm32cube.ide.mcu.externaltools.gnu-tools-for-stm32.10.3-2021.10.linux64_1.0.100.202210260954/tools/bin/../lib/gcc/arm-none-eabi/10.3.1/thumb/v7e-m+fp/hard/crtn.o
                0x0000000020020000                _estack = (ORIGIN (RAM) + LENGTH (RAM))
                0x0000000000000200                _Min_Heap_Size = 0x200
                0x0000000000000400                _Min_Stack_Size = 0x400

.isr_vector     0x0000000008000000      0x188
                0x0000000008000000                . = ALIGN (0x4)
 *(.isr_vector)
 .isr_vector    0x0000000008000000      0x188 ./Core/Startup/startup_stm32f407vgtx.o
                0x0000000008000000                g_pfnVectors
                0x0000000008000188                . = ALIGN (0x4)

.text           0x0000000008000190     0x3958
                0x0000000008000190                . = ALIGN (0x4)
 *(.text)
 .text          0x0000000008000190       0x40 /opt/st/stm32cubeide_1.11.0/plugins/com.st.stm32cube.ide.mcu.externaltools.gnu-tools-for-stm32.10.3-2021.10.linux64_1.0.100.202210260954/tools/bin/../lib/gcc/arm-none-eabi/10.3.1/thumb/v7e-m+fp/hard/crtbegin.o
 .text          0x00000000080001d0       0x30 /opt/st/stm32cubeide_1.11.0/plugins/com.st.stm32cube.ide.mcu.externaltools.gnu-tools-for-stm32.10.3-2021.10.linux64_1.0.100.202210260954/tools/bin/../lib/gcc/arm-none-eabi/10.3.1/thumb/v7e-m+fp/hard/libgcc.a(_aeabi_uldivmod.o)
                0x00000000080001d0                __aeabi_uldivmod
 .text          0x0000000008000200      0x2d0 /opt/st/stm32cubeide_1.11.0/plugins/com.st.stm32cube.ide.mcu.externaltools.gnu-tools-for-stm32.10.3-2021.10.linux64_1.0.100.202210260954/tools/bin/../lib/gcc/arm-none-eabi/10.3.1/thumb/v7e-m+fp/hard/libgcc.a(_udivmoddi4.o)
                0x0000000008000200                __udivmoddi4
 .text          0x00000000080004d0        0x4 /opt/st/stm32cubeide_1.11.0/plugins/com.st.stm32cube.ide.mcu.externaltools.gnu-tools-for-stm32.10.3-2021.10.linux64_1.0.100.202210260954/tools/bin/../lib/gcc/arm-none-eabi/10.3.1/thumb/v7e-m+fp/hard/libgcc.a(_dvmd_tls.o)
                0x00000000080004d0                __aeabi_ldiv0
                0x00000000080004d0                __aeabi_idiv0
 *(.text*)
 .text.vApplicationGetIdleTaskMemory
                0x00000000080004d4       0x34 ./Core/Src/freertos.o
                0x00000000080004d4                vApplicationGetIdleTaskMemory
 .text.gpio_led_state
                0x0000000008000508       0x8c ./Core/Src/gpio.o
                0x0000000008000508                gpio_led_state
 .text.MX_GPIO_Init
                0x0000000008000594       0xd4 ./Core/Src/gpio.o
                0x0000000008000594                MX_GPIO_Init
 .text.main     0x0000000008000668       0x50 ./Core/Src/main.o
                0x0000000008000668                main
 .text.SystemClock_Config
                0x00000000080006b8       0xb8 ./Core/Src/main.o
                0x00000000080006b8                SystemClock_Config
 .text.HAL_GPIO_EXTI_Callback
                0x0000000008000770       0x34 ./Core/Src/main.o
                0x0000000008000770                HAL_GPIO_EXTI_Callback
 .text.vTask1   0x00000000080007a4      0x13c ./Core/Src/main.o
                0x00000000080007a4                vTask1
 .text.vTask2   0x00000000080008e0       0x2e ./Core/Src/main.o
                0x00000000080008e0                vTask2
 .text.vTask3   0x000000000800090e       0x2e ./Core/Src/main.o
                0x000000000800090e                vTask3
 .text.vTask4   0x000000000800093c       0x2e ./Core/Src/main.o
                0x000000000800093c                vTask4
 .text.Error_Handler
                0x000000000800096a        0xa ./Core/Src/main.o
                0x000000000800096a                Error_Handler
 .text.HAL_MspInit
                0x0000000008000974       0x58 ./Core/Src/stm32f4xx_hal_msp.o
                0x0000000008000974                HAL_MspInit
 .text.NMI_Handler
                0x00000000080009cc        0x6 ./Core/Src/stm32f4xx_it.o
                0x00000000080009cc                NMI_Handler
 .text.HardFault_Handler
                0x00000000080009d2        0x6 ./Core/Src/stm32f4xx_it.o
                0x00000000080009d2                HardFault_Handler
 .text.MemManage_Handler
                0x00000000080009d8        0x6 ./Core/Src/stm32f4xx_it.o
                0x00000000080009d8                MemManage_Handler
 .text.BusFault_Handler
                0x00000000080009de        0x6 ./Core/Src/stm32f4xx_it.o
                0x00000000080009de                BusFault_Handler
 .text.UsageFault_Handler
                0x00000000080009e4        0x6 ./Core/Src/stm32f4xx_it.o
                0x00000000080009e4                UsageFault_Handler
 .text.DebugMon_Handler
                0x00000000080009ea        0xe ./Core/Src/stm32f4xx_it.o
                0x00000000080009ea                DebugMon_Handler
 .text.SysTick_Handler
                0x00000000080009f8       0x1a ./Core/Src/stm32f4xx_it.o
                0x00000000080009f8                SysTick_Handler
 .text.EXTI0_IRQHandler
                0x0000000008000a12        0xe ./Core/Src/stm32f4xx_it.o
                0x0000000008000a12                EXTI0_IRQHandler
 .text.SystemInit
                0x0000000008000a20       0x24 ./Core/Src/system_stm32f4xx.o
                0x0000000008000a20                SystemInit
 .text.Reset_Handler
                0x0000000008000a44       0x50 ./Core/Startup/startup_stm32f407vgtx.o
                0x0000000008000a44                Reset_Handler
 .text.Default_Handler
                0x0000000008000a94        0x2 ./Core/Startup/startup_stm32f407vgtx.o
                0x0000000008000a94                RTC_Alarm_IRQHandler
                0x0000000008000a94                HASH_RNG_IRQHandler
                0x0000000008000a94                EXTI2_IRQHandler
                0x0000000008000a94                TIM8_CC_IRQHandler
                0x0000000008000a94                TIM1_CC_IRQHandler
                0x0000000008000a94                DMA2_Stream5_IRQHandler
                0x0000000008000a94                DMA1_Stream5_IRQHandler
                0x0000000008000a94                PVD_IRQHandler
                0x0000000008000a94                SDIO_IRQHandler
                0x0000000008000a94                TAMP_STAMP_IRQHandler
                0x0000000008000a94                CAN2_RX1_IRQHandler
                0x0000000008000a94                EXTI3_IRQHandler
                0x0000000008000a94                TIM8_TRG_COM_TIM14_IRQHandler
                0x0000000008000a94                TIM1_UP_TIM10_IRQHandler
                0x0000000008000a94                TIM8_UP_TIM13_IRQHandler
                0x0000000008000a94                I2C3_ER_IRQHandler
                0x0000000008000a94                I2C2_EV_IRQHandler
                0x0000000008000a94                DMA1_Stream2_IRQHandler
                0x0000000008000a94                CAN1_RX0_IRQHandler
                0x0000000008000a94                FPU_IRQHandler
                0x0000000008000a94                OTG_HS_WKUP_IRQHandler
                0x0000000008000a94                CAN2_SCE_IRQHandler
                0x0000000008000a94                DMA2_Stream2_IRQHandler
                0x0000000008000a94                SPI1_IRQHandler
                0x0000000008000a94                TIM6_DAC_IRQHandler
                0x0000000008000a94                TIM1_BRK_TIM9_IRQHandler
                0x0000000008000a94                DCMI_IRQHandler
                0x0000000008000a94                CAN2_RX0_IRQHandler
                0x0000000008000a94                DMA2_Stream3_IRQHandler
                0x0000000008000a94                USART6_IRQHandler
                0x0000000008000a94                USART3_IRQHandler
                0x0000000008000a94                CAN1_RX1_IRQHandler
                0x0000000008000a94                UART5_IRQHandler
                0x0000000008000a94                DMA2_Stream0_IRQHandler
                0x0000000008000a94                TIM4_IRQHandler
                0x0000000008000a94                I2C1_EV_IRQHandler
                0x0000000008000a94                DMA1_Stream6_IRQHandler
                0x0000000008000a94                DMA1_Stream1_IRQHandler
                0x0000000008000a94                UART4_IRQHandler
                0x0000000008000a94                TIM3_IRQHandler
                0x0000000008000a94                RCC_IRQHandler
                0x0000000008000a94                TIM8_BRK_TIM12_IRQHandler
                0x0000000008000a94                Default_Handler
                0x0000000008000a94                EXTI15_10_IRQHandler
                0x0000000008000a94                ADC_IRQHandler
                0x0000000008000a94                DMA1_Stream7_IRQHandler
                0x0000000008000a94                TIM7_IRQHandler
                0x0000000008000a94                CAN2_TX_IRQHandler
                0x0000000008000a94                TIM5_IRQHandler
                0x0000000008000a94                DMA2_Stream7_IRQHandler
                0x0000000008000a94                I2C3_EV_IRQHandler
                0x0000000008000a94                EXTI9_5_IRQHandler
                0x0000000008000a94                RTC_WKUP_IRQHandler
                0x0000000008000a94                ETH_WKUP_IRQHandler
                0x0000000008000a94                SPI2_IRQHandler
                0x0000000008000a94                OTG_HS_EP1_IN_IRQHandler
                0x0000000008000a94                DMA1_Stream0_IRQHandler
                0x0000000008000a94                CAN1_TX_IRQHandler
                0x0000000008000a94                EXTI4_IRQHandler
                0x0000000008000a94                FSMC_IRQHandler
                0x0000000008000a94                ETH_IRQHandler
                0x0000000008000a94                OTG_HS_EP1_OUT_IRQHandler
                0x0000000008000a94                WWDG_IRQHandler
                0x0000000008000a94                TIM2_IRQHandler
                0x0000000008000a94                OTG_FS_WKUP_IRQHandler
                0x0000000008000a94                TIM1_TRG_COM_TIM11_IRQHandler
                0x0000000008000a94                OTG_HS_IRQHandler
                0x0000000008000a94                EXTI1_IRQHandler
                0x0000000008000a94                USART2_IRQHandler
                0x0000000008000a94                I2C2_ER_IRQHandler
                0x0000000008000a94                DMA2_Stream1_IRQHandler
                0x0000000008000a94                CAN1_SCE_IRQHandler
                0x0000000008000a94                FLASH_IRQHandler
                0x0000000008000a94                DMA2_Stream4_IRQHandler
                0x0000000008000a94                USART1_IRQHandler
                0x0000000008000a94                OTG_FS_IRQHandler
                0x0000000008000a94                SPI3_IRQHandler
                0x0000000008000a94                DMA1_Stream4_IRQHandler
                0x0000000008000a94                I2C1_ER_IRQHandler
                0x0000000008000a94                DMA2_Stream6_IRQHandler
                0x0000000008000a94                DMA1_Stream3_IRQHandler
 *fill*         0x0000000008000a96        0x2 
 .text.HAL_Init
                0x0000000008000a98       0x44 ./Drivers/STM32F4xx_HAL_Driver/Src/stm32f4xx_hal.o
                0x0000000008000a98                HAL_Init
 .text.HAL_InitTick
                0x0000000008000adc       0x60 ./Drivers/STM32F4xx_HAL_Driver/Src/stm32f4xx_hal.o
                0x0000000008000adc                HAL_InitTick
 .text.HAL_IncTick
                0x0000000008000b3c       0x28 ./Drivers/STM32F4xx_HAL_Driver/Src/stm32f4xx_hal.o
                0x0000000008000b3c                HAL_IncTick
 .text.HAL_GetTick
                0x0000000008000b64       0x18 ./Drivers/STM32F4xx_HAL_Driver/Src/stm32f4xx_hal.o
                0x0000000008000b64                HAL_GetTick
 .text.__NVIC_SetPriorityGrouping
                0x0000000008000b7c       0x48 ./Drivers/STM32F4xx_HAL_Driver/Src/stm32f4xx_hal_cortex.o
 .text.__NVIC_GetPriorityGrouping
                0x0000000008000bc4       0x1c ./Drivers/STM32F4xx_HAL_Driver/Src/stm32f4xx_hal_cortex.o
 .text.__NVIC_EnableIRQ
                0x0000000008000be0       0x3c ./Drivers/STM32F4xx_HAL_Driver/Src/stm32f4xx_hal_cortex.o
 .text.__NVIC_DisableIRQ
                0x0000000008000c1c       0x48 ./Drivers/STM32F4xx_HAL_Driver/Src/stm32f4xx_hal_cortex.o
 .text.__NVIC_SetPriority
                0x0000000008000c64       0x54 ./Drivers/STM32F4xx_HAL_Driver/Src/stm32f4xx_hal_cortex.o
 .text.NVIC_EncodePriority
                0x0000000008000cb8       0x66 ./Drivers/STM32F4xx_HAL_Driver/Src/stm32f4xx_hal_cortex.o
 *fill*         0x0000000008000d1e        0x2 
 .text.SysTick_Config
                0x0000000008000d20       0x44 ./Drivers/STM32F4xx_HAL_Driver/Src/stm32f4xx_hal_cortex.o
 .text.HAL_NVIC_SetPriorityGrouping
                0x0000000008000d64       0x16 ./Drivers/STM32F4xx_HAL_Driver/Src/stm32f4xx_hal_cortex.o
                0x0000000008000d64                HAL_NVIC_SetPriorityGrouping
 .text.HAL_NVIC_SetPriority
                0x0000000008000d7a       0x38 ./Drivers/STM32F4xx_HAL_Driver/Src/stm32f4xx_hal_cortex.o
                0x0000000008000d7a                HAL_NVIC_SetPriority
 .text.HAL_NVIC_EnableIRQ
                0x0000000008000db2       0x1c ./Drivers/STM32F4xx_HAL_Driver/Src/stm32f4xx_hal_cortex.o
                0x0000000008000db2                HAL_NVIC_EnableIRQ
 .text.HAL_NVIC_DisableIRQ
                0x0000000008000dce       0x1c ./Drivers/STM32F4xx_HAL_Driver/Src/stm32f4xx_hal_cortex.o
                0x0000000008000dce                HAL_NVIC_DisableIRQ
 .text.HAL_SYSTICK_Config
                0x0000000008000dea       0x18 ./Drivers/STM32F4xx_HAL_Driver/Src/stm32f4xx_hal_cortex.o
                0x0000000008000dea                HAL_SYSTICK_Config
 *fill*         0x0000000008000e02        0x2 
 .text.HAL_GPIO_Init
                0x0000000008000e04      0x338 ./Drivers/STM32F4xx_HAL_Driver/Src/stm32f4xx_hal_gpio.o
                0x0000000008000e04                HAL_GPIO_Init
 .text.HAL_GPIO_WritePin
                0x000000000800113c       0x32 ./Drivers/STM32F4xx_HAL_Driver/Src/stm32f4xx_hal_gpio.o
                0x000000000800113c                HAL_GPIO_WritePin
 *fill*         0x000000000800116e        0x2 
 .text.HAL_GPIO_EXTI_IRQHandler
                0x0000000008001170       0x30 ./Drivers/STM32F4xx_HAL_Driver/Src/stm32f4xx_hal_gpio.o
                0x0000000008001170                HAL_GPIO_EXTI_IRQHandler
 .text.HAL_RCC_OscConfig
                0x00000000080011a0      0x4f0 ./Drivers/STM32F4xx_HAL_Driver/Src/stm32f4xx_hal_rcc.o
                0x00000000080011a0                HAL_RCC_OscConfig
 .text.HAL_RCC_ClockConfig
                0x0000000008001690      0x1cc ./Drivers/STM32F4xx_HAL_Driver/Src/stm32f4xx_hal_rcc.o
                0x0000000008001690                HAL_RCC_ClockConfig
 .text.HAL_RCC_GetSysClockFreq
                0x000000000800185c      0x20c ./Drivers/STM32F4xx_HAL_Driver/Src/stm32f4xx_hal_rcc.o
                0x000000000800185c                HAL_RCC_GetSysClockFreq
 .text.vListInitialise
                0x0000000008001a68       0x40 ./Middlewares/Third_Party/FreeRTOS/Source/list.o
                0x0000000008001a68                vListInitialise
 .text.vListInitialiseItem
                0x0000000008001aa8       0x1a ./Middlewares/Third_Party/FreeRTOS/Source/list.o
                0x0000000008001aa8                vListInitialiseItem
 .text.vListInsertEnd
                0x0000000008001ac2       0x48 ./Middlewares/Third_Party/FreeRTOS/Source/list.o
                0x0000000008001ac2                vListInsertEnd
 .text.vListInsert
                0x0000000008001b0a       0x72 ./Middlewares/Third_Party/FreeRTOS/Source/list.o
                0x0000000008001b0a                vListInsert
 .text.uxListRemove
                0x0000000008001b7c       0x54 ./Middlewares/Third_Party/FreeRTOS/Source/list.o
                0x0000000008001b7c                uxListRemove
 .text.xQueueGenericReset
                0x0000000008001bd0       0xd0 ./Middlewares/Third_Party/FreeRTOS/Source/queue.o
                0x0000000008001bd0                xQueueGenericReset
 .text.xQueueGenericCreate
                0x0000000008001ca0       0x74 ./Middlewares/Third_Party/FreeRTOS/Source/queue.o
                0x0000000008001ca0                xQueueGenericCreate
 .text.prvInitialiseNewQueue
                0x0000000008001d14       0x3e ./Middlewares/Third_Party/FreeRTOS/Source/queue.o
 *fill*         0x0000000008001d52        0x2 
 .text.xQueueGenericSend
                0x0000000008001d54      0x1fc ./Middlewares/Third_Party/FreeRTOS/Source/queue.o
                0x0000000008001d54                xQueueGenericSend
 .text.xQueueSemaphoreTake
                0x0000000008001f50      0x218 ./Middlewares/Third_Party/FreeRTOS/Source/queue.o
                0x0000000008001f50                xQueueSemaphoreTake
 .text.prvGetDisinheritPriorityAfterTimeout
                0x0000000008002168       0x30 ./Middlewares/Third_Party/FreeRTOS/Source/queue.o
 .text.prvCopyDataToQueue
                0x0000000008002198       0xd4 ./Middlewares/Third_Party/FreeRTOS/Source/queue.o
 .text.prvUnlockQueue
                0x000000000800226c       0xa4 ./Middlewares/Third_Party/FreeRTOS/Source/queue.o
 .text.prvIsQueueEmpty
                0x0000000008002310       0x2c ./Middlewares/Third_Party/FreeRTOS/Source/queue.o
 .text.prvIsQueueFull
                0x000000000800233c       0x30 ./Middlewares/Third_Party/FreeRTOS/Source/queue.o
 .text.xTaskCreateStatic
                0x000000000800236c       0xba ./Middlewares/Third_Party/FreeRTOS/Source/tasks.o
                0x000000000800236c                xTaskCreateStatic
 .text.xTaskCreate
                0x0000000008002426       0x8a ./Middlewares/Third_Party/FreeRTOS/Source/tasks.o
                0x0000000008002426                xTaskCreate
 .text.prvInitialiseNewTask
                0x00000000080024b0      0x10e ./Middlewares/Third_Party/FreeRTOS/Source/tasks.o
 *fill*         0x00000000080025be        0x2 
 .text.prvAddNewTaskToReadyList
                0x00000000080025c0       0xd4 ./Middlewares/Third_Party/FreeRTOS/Source/tasks.o
 .text.vTaskDelete
                0x0000000008002694      0x120 ./Middlewares/Third_Party/FreeRTOS/Source/tasks.o
                0x0000000008002694                vTaskDelete
 .text.vTaskDelay
                0x00000000080027b4       0x68 ./Middlewares/Third_Party/FreeRTOS/Source/tasks.o
                0x00000000080027b4                vTaskDelay
 .text.vTaskStartScheduler
                0x000000000800281c       0xc0 ./Middlewares/Third_Party/FreeRTOS/Source/tasks.o
                0x000000000800281c                vTaskStartScheduler
 .text.vTaskSuspendAll
                0x00000000080028dc       0x1c ./Middlewares/Third_Party/FreeRTOS/Source/tasks.o
                0x00000000080028dc                vTaskSuspendAll
 .text.xTaskResumeAll
                0x00000000080028f8      0x138 ./Middlewares/Third_Party/FreeRTOS/Source/tasks.o
                0x00000000080028f8                xTaskResumeAll
 .text.xTaskIncrementTick
                0x0000000008002a30      0x170 ./Middlewares/Third_Party/FreeRTOS/Source/tasks.o
                0x0000000008002a30                xTaskIncrementTick
 .text.vTaskSwitchContext
                0x0000000008002ba0       0xb8 ./Middlewares/Third_Party/FreeRTOS/Source/tasks.o
                0x0000000008002ba0                vTaskSwitchContext
 .text.vTaskPlaceOnEventList
                0x0000000008002c58       0x48 ./Middlewares/Third_Party/FreeRTOS/Source/tasks.o
                0x0000000008002c58                vTaskPlaceOnEventList
 .text.xTaskRemoveFromEventList
                0x0000000008002ca0       0xc4 ./Middlewares/Third_Party/FreeRTOS/Source/tasks.o
                0x0000000008002ca0                xTaskRemoveFromEventList
 .text.vTaskInternalSetTimeOutState
                0x0000000008002d64       0x2c ./Middlewares/Third_Party/FreeRTOS/Source/tasks.o
                0x0000000008002d64                vTaskInternalSetTimeOutState
 .text.xTaskCheckForTimeOut
                0x0000000008002d90       0xc4 ./Middlewares/Third_Party/FreeRTOS/Source/tasks.o
                0x0000000008002d90                xTaskCheckForTimeOut
 .text.vTaskMissedYield
                0x0000000008002e54       0x18 ./Middlewares/Third_Party/FreeRTOS/Source/tasks.o
                0x0000000008002e54                vTaskMissedYield
 .text.prvIdleTask
                0x0000000008002e6c       0x30 ./Middlewares/Third_Party/FreeRTOS/Source/tasks.o
 .text.prvInitialiseTaskLists
                0x0000000008002e9c       0x80 ./Middlewares/Third_Party/FreeRTOS/Source/tasks.o
 .text.prvCheckTasksWaitingTermination
                0x0000000008002f1c       0x5c ./Middlewares/Third_Party/FreeRTOS/Source/tasks.o
 .text.prvDeleteTCB
                0x0000000008002f78       0x5e ./Middlewares/Third_Party/FreeRTOS/Source/tasks.o
 *fill*         0x0000000008002fd6        0x2 
 .text.prvResetNextTaskUnblockTime
                0x0000000008002fd8       0x40 ./Middlewares/Third_Party/FreeRTOS/Source/tasks.o
 .text.xTaskGetSchedulerState
                0x0000000008003018       0x3c ./Middlewares/Third_Party/FreeRTOS/Source/tasks.o
                0x0000000008003018                xTaskGetSchedulerState
 .text.xTaskPriorityInherit
                0x0000000008003054       0xec ./Middlewares/Third_Party/FreeRTOS/Source/tasks.o
                0x0000000008003054                xTaskPriorityInherit
 .text.xTaskPriorityDisinherit
                0x0000000008003140      0x10c ./Middlewares/Third_Party/FreeRTOS/Source/tasks.o
                0x0000000008003140                xTaskPriorityDisinherit
 .text.vTaskPriorityDisinheritAfterTimeout
                0x000000000800324c      0x11c ./Middlewares/Third_Party/FreeRTOS/Source/tasks.o
                0x000000000800324c                vTaskPriorityDisinheritAfterTimeout
 .text.pvTaskIncrementMutexHeldCount
                0x0000000008003368       0x28 ./Middlewares/Third_Party/FreeRTOS/Source/tasks.o
                0x0000000008003368                pvTaskIncrementMutexHeldCount
 .text.prvAddCurrentTaskToDelayedList
                0x0000000008003390       0xcc ./Middlewares/Third_Party/FreeRTOS/Source/tasks.o
 .text.pxPortInitialiseStack
                0x000000000800345c       0x68 ./Middlewares/Third_Party/FreeRTOS/Source/portable/GCC/ARM_CM4F/port.o
                0x000000000800345c                pxPortInitialiseStack
 .text.prvTaskExitError
                0x00000000080034c4       0x58 ./Middlewares/Third_Party/FreeRTOS/Source/portable/GCC/ARM_CM4F/port.o
 *fill*         0x000000000800351c        0x4 
 .text.SVC_Handler
                0x0000000008003520       0x28 ./Middlewares/Third_Party/FreeRTOS/Source/portable/GCC/ARM_CM4F/port.o
                0x0000000008003520                SVC_Handler
 .text.prvPortStartFirstTask
                0x0000000008003548       0x28 ./Middlewares/Third_Party/FreeRTOS/Source/portable/GCC/ARM_CM4F/port.o
 .text.xPortStartScheduler
                0x0000000008003570      0x144 ./Middlewares/Third_Party/FreeRTOS/Source/portable/GCC/ARM_CM4F/port.o
                0x0000000008003570                xPortStartScheduler
 .text.vPortEnterCritical
                0x00000000080036b4       0x60 ./Middlewares/Third_Party/FreeRTOS/Source/portable/GCC/ARM_CM4F/port.o
                0x00000000080036b4                vPortEnterCritical
 .text.vPortExitCritical
                0x0000000008003714       0x54 ./Middlewares/Third_Party/FreeRTOS/Source/portable/GCC/ARM_CM4F/port.o
                0x0000000008003714                vPortExitCritical
 *fill*         0x0000000008003768        0x8 
 .text.PendSV_Handler
                0x0000000008003770       0x68 ./Middlewares/Third_Party/FreeRTOS/Source/portable/GCC/ARM_CM4F/port.o
                0x0000000008003770                PendSV_Handler
 .text.xPortSysTickHandler
                0x00000000080037d8       0x44 ./Middlewares/Third_Party/FreeRTOS/Source/portable/GCC/ARM_CM4F/port.o
                0x00000000080037d8                xPortSysTickHandler
 .text.vPortSetupTimerInterrupt
                0x000000000800381c       0x48 ./Middlewares/Third_Party/FreeRTOS/Source/portable/GCC/ARM_CM4F/port.o
                0x000000000800381c                vPortSetupTimerInterrupt
 .text.vPortEnableVFP
                0x0000000008003864       0x14 ./Middlewares/Third_Party/FreeRTOS/Source/portable/GCC/ARM_CM4F/port.o
 .text.pvPortMalloc
                0x0000000008003878      0x11c ./Middlewares/Third_Party/FreeRTOS/Source/portable/MemMang/heap_2.o
                0x0000000008003878                pvPortMalloc
 .text.vPortFree
                0x0000000008003994       0x74 ./Middlewares/Third_Party/FreeRTOS/Source/portable/MemMang/heap_2.o
                0x0000000008003994                vPortFree
 .text.prvHeapInit
                0x0000000008003a08       0x54 ./Middlewares/Third_Party/FreeRTOS/Source/portable/MemMang/heap_2.o
 .text.__libc_init_array
                0x0000000008003a5c       0x48 /opt/st/stm32cubeide_1.11.0/plugins/com.st.stm32cube.ide.mcu.externaltools.gnu-tools-for-stm32.10.3-2021.10.linux64_1.0.100.202210260954/tools/bin/../lib/gcc/arm-none-eabi/10.3.1/../../../../arm-none-eabi/lib/thumb/v7e-m+fp/hard/libc_nano.a(lib_a-init.o)
                0x0000000008003a5c                __libc_init_array
 .text.memcpy   0x0000000008003aa4       0x1c /opt/st/stm32cubeide_1.11.0/plugins/com.st.stm32cube.ide.mcu.externaltools.gnu-tools-for-stm32.10.3-2021.10.linux64_1.0.100.202210260954/tools/bin/../lib/gcc/arm-none-eabi/10.3.1/../../../../arm-none-eabi/lib/thumb/v7e-m+fp/hard/libc_nano.a(lib_a-memcpy-stub.o)
                0x0000000008003aa4                memcpy
 .text.memset   0x0000000008003ac0       0x10 /opt/st/stm32cubeide_1.11.0/plugins/com.st.stm32cube.ide.mcu.externaltools.gnu-tools-for-stm32.10.3-2021.10.linux64_1.0.100.202210260954/tools/bin/../lib/gcc/arm-none-eabi/10.3.1/../../../../arm-none-eabi/lib/thumb/v7e-m+fp/hard/libc_nano.a(lib_a-memset.o)
                0x0000000008003ac0                memset
 *(.glue_7)
 .glue_7        0x0000000008003ad0        0x0 linker stubs
 *(.glue_7t)
 .glue_7t       0x0000000008003ad0        0x0 linker stubs
 *(.eh_frame)
 .eh_frame      0x0000000008003ad0        0x0 /opt/st/stm32cubeide_1.11.0/plugins/com.st.stm32cube.ide.mcu.externaltools.gnu-tools-for-stm32.10.3-2021.10.linux64_1.0.100.202210260954/tools/bin/../lib/gcc/arm-none-eabi/10.3.1/thumb/v7e-m+fp/hard/crtbegin.o
 *(.init)
 .init          0x0000000008003ad0        0x4 /opt/st/stm32cubeide_1.11.0/plugins/com.st.stm32cube.ide.mcu.externaltools.gnu-tools-for-stm32.10.3-2021.10.linux64_1.0.100.202210260954/tools/bin/../lib/gcc/arm-none-eabi/10.3.1/thumb/v7e-m+fp/hard/crti.o
                0x0000000008003ad0                _init
 .init          0x0000000008003ad4        0x8 /opt/st/stm32cubeide_1.11.0/plugins/com.st.stm32cube.ide.mcu.externaltools.gnu-tools-for-stm32.10.3-2021.10.linux64_1.0.100.202210260954/tools/bin/../lib/gcc/arm-none-eabi/10.3.1/thumb/v7e-m+fp/hard/crtn.o
 *(.fini)
 .fini          0x0000000008003adc        0x4 /opt/st/stm32cubeide_1.11.0/plugins/com.st.stm32cube.ide.mcu.externaltools.gnu-tools-for-stm32.10.3-2021.10.linux64_1.0.100.202210260954/tools/bin/../lib/gcc/arm-none-eabi/10.3.1/thumb/v7e-m+fp/hard/crti.o
                0x0000000008003adc                _fini
 .fini          0x0000000008003ae0        0x8 /opt/st/stm32cubeide_1.11.0/plugins/com.st.stm32cube.ide.mcu.externaltools.gnu-tools-for-stm32.10.3-2021.10.linux64_1.0.100.202210260954/tools/bin/../lib/gcc/arm-none-eabi/10.3.1/thumb/v7e-m+fp/hard/crtn.o
                0x0000000008003ae8                . = ALIGN (0x4)
                0x0000000008003ae8                _etext = .

.vfp11_veneer   0x0000000008003ae8        0x0
 .vfp11_veneer  0x0000000008003ae8        0x0 linker stubs

.v4_bx          0x0000000008003ae8        0x0
 .v4_bx         0x0000000008003ae8        0x0 linker stubs

.iplt           0x0000000008003ae8        0x0
 .iplt          0x0000000008003ae8        0x0 /opt/st/stm32cubeide_1.11.0/plugins/com.st.stm32cube.ide.mcu.externaltools.gnu-tools-for-stm32.10.3-2021.10.linux64_1.0.100.202210260954/tools/bin/../lib/gcc/arm-none-eabi/10.3.1/thumb/v7e-m+fp/hard/crtbegin.o

.rodata         0x0000000008003ae8       0x38
                0x0000000008003ae8                . = ALIGN (0x4)
 *(.rodata)
 .rodata        0x0000000008003ae8       0x20 ./Core/Src/main.o
 .rodata        0x0000000008003b08        0x5 ./Middlewares/Third_Party/FreeRTOS/Source/tasks.o
 *(.rodata*)
 *fill*         0x0000000008003b0d        0x3 
 .rodata.AHBPrescTable
                0x0000000008003b10       0x10 ./Core/Src/system_stm32f4xx.o
                0x0000000008003b10                AHBPrescTable
                0x0000000008003b20                . = ALIGN (0x4)

.ARM.extab      0x0000000008003b20        0x0
                0x0000000008003b20                . = ALIGN (0x4)
 *(.ARM.extab* .gnu.linkonce.armextab.*)
                0x0000000008003b20                . = ALIGN (0x4)

.ARM            0x0000000008003b20        0x8
                0x0000000008003b20                . = ALIGN (0x4)
                0x0000000008003b20                __exidx_start = .
 *(.ARM.exidx*)
 .ARM.exidx     0x0000000008003b20        0x8 /opt/st/stm32cubeide_1.11.0/plugins/com.st.stm32cube.ide.mcu.externaltools.gnu-tools-for-stm32.10.3-2021.10.linux64_1.0.100.202210260954/tools/bin/../lib/gcc/arm-none-eabi/10.3.1/thumb/v7e-m+fp/hard/libgcc.a(_udivmoddi4.o)
                0x0000000008003b28                __exidx_end = .
                0x0000000008003b28                . = ALIGN (0x4)

.rel.dyn        0x0000000008003b28        0x0
 .rel.iplt      0x0000000008003b28        0x0 /opt/st/stm32cubeide_1.11.0/plugins/com.st.stm32cube.ide.mcu.externaltools.gnu-tools-for-stm32.10.3-2021.10.linux64_1.0.100.202210260954/tools/bin/../lib/gcc/arm-none-eabi/10.3.1/thumb/v7e-m+fp/hard/crtbegin.o

.preinit_array  0x0000000008003b28        0x0
                0x0000000008003b28                . = ALIGN (0x4)
                0x0000000008003b28                PROVIDE (__preinit_array_start = .)
 *(.preinit_array*)
                0x0000000008003b28                PROVIDE (__preinit_array_end = .)
                0x0000000008003b28                . = ALIGN (0x4)

.init_array     0x0000000008003b28        0x4
                0x0000000008003b28                . = ALIGN (0x4)
                0x0000000008003b28                PROVIDE (__init_array_start = .)
 *(SORT_BY_NAME(.init_array.*))
 *(.init_array*)
 .init_array    0x0000000008003b28        0x4 /opt/st/stm32cubeide_1.11.0/plugins/com.st.stm32cube.ide.mcu.externaltools.gnu-tools-for-stm32.10.3-2021.10.linux64_1.0.100.202210260954/tools/bin/../lib/gcc/arm-none-eabi/10.3.1/thumb/v7e-m+fp/hard/crtbegin.o
                0x0000000008003b2c                PROVIDE (__init_array_end = .)
                0x0000000008003b2c                . = ALIGN (0x4)

.fini_array     0x0000000008003b2c        0x4
                0x0000000008003b2c                . = ALIGN (0x4)
                [!provide]                        PROVIDE (__fini_array_start = .)
 *(SORT_BY_NAME(.fini_array.*))
 *(.fini_array*)
 .fini_array    0x0000000008003b2c        0x4 /opt/st/stm32cubeide_1.11.0/plugins/com.st.stm32cube.ide.mcu.externaltools.gnu-tools-for-stm32.10.3-2021.10.linux64_1.0.100.202210260954/tools/bin/../lib/gcc/arm-none-eabi/10.3.1/thumb/v7e-m+fp/hard/crtbegin.o
                [!provide]                        PROVIDE (__fini_array_end = .)
                0x0000000008003b30                . = ALIGN (0x4)
                0x0000000008003b30                _sidata = LOADADDR (.data)

.data           0x0000000020000000       0x14 load address 0x0000000008003b30
                0x0000000020000000                . = ALIGN (0x4)
                0x0000000020000000                _sdata = .
 *(.data)
 *(.data*)
 .data.SystemCoreClock
                0x0000000020000000        0x4 ./Core/Src/system_stm32f4xx.o
                0x0000000020000000                SystemCoreClock
 .data.uwTickPrio
                0x0000000020000004        0x4 ./Drivers/STM32F4xx_HAL_Driver/Src/stm32f4xx_hal.o
                0x0000000020000004                uwTickPrio
 .data.uwTickFreq
                0x0000000020000008        0x1 ./Drivers/STM32F4xx_HAL_Driver/Src/stm32f4xx_hal.o
                0x0000000020000008                uwTickFreq
 *fill*         0x0000000020000009        0x3 
 .data.uxCriticalNesting
                0x000000002000000c        0x4 ./Middlewares/Third_Party/FreeRTOS/Source/portable/GCC/ARM_CM4F/port.o
 .data.xFreeBytesRemaining
                0x0000000020000010        0x4 ./Middlewares/Third_Party/FreeRTOS/Source/portable/MemMang/heap_2.o
 *(.RamFunc)
 *(.RamFunc*)
                0x0000000020000014                . = ALIGN (0x4)
                0x0000000020000014                _edata = .
                0x0000000008003b44                _siccmram = LOADADDR (.ccmram)

.igot.plt       0x0000000020000014        0x0 load address 0x0000000008003b44
 .igot.plt      0x0000000020000014        0x0 /opt/st/stm32cubeide_1.11.0/plugins/com.st.stm32cube.ide.mcu.externaltools.gnu-tools-for-stm32.10.3-2021.10.linux64_1.0.100.202210260954/tools/bin/../lib/gcc/arm-none-eabi/10.3.1/thumb/v7e-m+fp/hard/crtbegin.o

.ccmram         0x0000000010000000        0x0 load address 0x0000000008003b44
                0x0000000010000000                . = ALIGN (0x4)
                0x0000000010000000                _sccmram = .
 *(.ccmram)
 *(.ccmram*)
                0x0000000010000000                . = ALIGN (0x4)
                0x0000000010000000                _eccmram = .
                0x0000000010000000                . = ALIGN (0x4)

.bss            0x0000000020000014     0x3fd0
                0x0000000020000014                _sbss = .
                0x0000000020000014                __bss_start__ = _sbss
 *(.bss)
 .bss           0x0000000020000014       0x1c /opt/st/stm32cubeide_1.11.0/plugins/com.st.stm32cube.ide.mcu.externaltools.gnu-tools-for-stm32.10.3-2021.10.linux64_1.0.100.202210260954/tools/bin/../lib/gcc/arm-none-eabi/10.3.1/thumb/v7e-m+fp/hard/crtbegin.o
 *(.bss*)
 .bss.xIdleTaskTCBBuffer
                0x0000000020000030       0x54 ./Core/Src/freertos.o
 .bss.xIdleStack
                0x0000000020000084      0x200 ./Core/Src/freertos.o
 .bss.xTaskHandle2
                0x0000000020000284        0x4 ./Core/Src/main.o
                0x0000000020000284                xTaskHandle2
 .bss.xTaskHandle3
                0x0000000020000288        0x4 ./Core/Src/main.o
                0x0000000020000288                xTaskHandle3
 .bss.xTaskHandle4
                0x000000002000028c        0x4 ./Core/Src/main.o
                0x000000002000028c                xTaskHandle4
 .bss.buttonPressed
                0x0000000020000290        0x1 ./Core/Src/main.o
                0x0000000020000290                buttonPressed
 *fill*         0x0000000020000291        0x3 
 .bss.xBinarySemaphore
                0x0000000020000294        0x4 ./Core/Src/main.o
                0x0000000020000294                xBinarySemaphore
 .bss.uwTick    0x0000000020000298        0x4 ./Drivers/STM32F4xx_HAL_Driver/Src/stm32f4xx_hal.o
                0x0000000020000298                uwTick
 .bss.pxCurrentTCB
                0x000000002000029c        0x4 ./Middlewares/Third_Party/FreeRTOS/Source/tasks.o
                0x000000002000029c                pxCurrentTCB
 .bss.pxReadyTasksLists
                0x00000000200002a0       0x8c ./Middlewares/Third_Party/FreeRTOS/Source/tasks.o
 .bss.xDelayedTaskList1
                0x000000002000032c       0x14 ./Middlewares/Third_Party/FreeRTOS/Source/tasks.o
 .bss.xDelayedTaskList2
                0x0000000020000340       0x14 ./Middlewares/Third_Party/FreeRTOS/Source/tasks.o
 .bss.pxDelayedTaskList
                0x0000000020000354        0x4 ./Middlewares/Third_Party/FreeRTOS/Source/tasks.o
 .bss.pxOverflowDelayedTaskList
                0x0000000020000358        0x4 ./Middlewares/Third_Party/FreeRTOS/Source/tasks.o
 .bss.xPendingReadyList
                0x000000002000035c       0x14 ./Middlewares/Third_Party/FreeRTOS/Source/tasks.o
 .bss.xTasksWaitingTermination
                0x0000000020000370       0x14 ./Middlewares/Third_Party/FreeRTOS/Source/tasks.o
 .bss.uxDeletedTasksWaitingCleanUp
                0x0000000020000384        0x4 ./Middlewares/Third_Party/FreeRTOS/Source/tasks.o
 .bss.xSuspendedTaskList
                0x0000000020000388       0x14 ./Middlewares/Third_Party/FreeRTOS/Source/tasks.o
 .bss.uxCurrentNumberOfTasks
                0x000000002000039c        0x4 ./Middlewares/Third_Party/FreeRTOS/Source/tasks.o
 .bss.xTickCount
                0x00000000200003a0        0x4 ./Middlewares/Third_Party/FreeRTOS/Source/tasks.o
 .bss.uxTopReadyPriority
                0x00000000200003a4        0x4 ./Middlewares/Third_Party/FreeRTOS/Source/tasks.o
 .bss.xSchedulerRunning
                0x00000000200003a8        0x4 ./Middlewares/Third_Party/FreeRTOS/Source/tasks.o
 .bss.xPendedTicks
                0x00000000200003ac        0x4 ./Middlewares/Third_Party/FreeRTOS/Source/tasks.o
 .bss.xYieldPending
                0x00000000200003b0        0x4 ./Middlewares/Third_Party/FreeRTOS/Source/tasks.o
 .bss.xNumOfOverflows
                0x00000000200003b4        0x4 ./Middlewares/Third_Party/FreeRTOS/Source/tasks.o
 .bss.uxTaskNumber
                0x00000000200003b8        0x4 ./Middlewares/Third_Party/FreeRTOS/Source/tasks.o
 .bss.xNextTaskUnblockTime
                0x00000000200003bc        0x4 ./Middlewares/Third_Party/FreeRTOS/Source/tasks.o
 .bss.xIdleTaskHandle
                0x00000000200003c0        0x4 ./Middlewares/Third_Party/FreeRTOS/Source/tasks.o
 .bss.uxSchedulerSuspended
                0x00000000200003c4        0x4 ./Middlewares/Third_Party/FreeRTOS/Source/tasks.o
 .bss.ucMaxSysCallPriority
                0x00000000200003c8        0x1 ./Middlewares/Third_Party/FreeRTOS/Source/portable/GCC/ARM_CM4F/port.o
 *fill*         0x00000000200003c9        0x3 
 .bss.ulMaxPRIGROUPValue
                0x00000000200003cc        0x4 ./Middlewares/Third_Party/FreeRTOS/Source/portable/GCC/ARM_CM4F/port.o
 .bss.ucHeap    0x00000000200003d0     0x3c00 ./Middlewares/Third_Party/FreeRTOS/Source/portable/MemMang/heap_2.o
 .bss.xStart    0x0000000020003fd0        0x8 ./Middlewares/Third_Party/FreeRTOS/Source/portable/MemMang/heap_2.o
 .bss.xEnd      0x0000000020003fd8        0x8 ./Middlewares/Third_Party/FreeRTOS/Source/portable/MemMang/heap_2.o
 .bss.xHeapHasBeenInitialised.0
                0x0000000020003fe0        0x4 ./Middlewares/Third_Party/FreeRTOS/Source/portable/MemMang/heap_2.o
 *(COMMON)
                0x0000000020003fe4                . = ALIGN (0x4)
                0x0000000020003fe4                _ebss = .
                0x0000000020003fe4                __bss_end__ = _ebss

._user_heap_stack
                0x0000000020003fe4      0x604
                0x0000000020003fe8                . = ALIGN (0x8)
 *fill*         0x0000000020003fe4        0x4 
                [!provide]                        PROVIDE (end = .)
                0x0000000020003fe8                PROVIDE (_end = .)
                0x00000000200041e8                . = (. + _Min_Heap_Size)
 *fill*         0x0000000020003fe8      0x200 
                0x00000000200045e8                . = (. + _Min_Stack_Size)
 *fill*         0x00000000200041e8      0x400 
                0x00000000200045e8                . = ALIGN (0x8)

/DISCARD/
 libc.a(*)
 libm.a(*)
 libgcc.a(*)

.ARM.attributes
                0x0000000000000000       0x30
 *(.ARM.attributes)
 .ARM.attributes
                0x0000000000000000       0x1e /opt/st/stm32cubeide_1.11.0/plugins/com.st.stm32cube.ide.mcu.externaltools.gnu-tools-for-stm32.10.3-2021.10.linux64_1.0.100.202210260954/tools/bin/../lib/gcc/arm-none-eabi/10.3.1/thumb/v7e-m+fp/hard/crti.o
 .ARM.attributes
                0x000000000000001e       0x34 /opt/st/stm32cubeide_1.11.0/plugins/com.st.stm32cube.ide.mcu.externaltools.gnu-tools-for-stm32.10.3-2021.10.linux64_1.0.100.202210260954/tools/bin/../lib/gcc/arm-none-eabi/10.3.1/thumb/v7e-m+fp/hard/crtbegin.o
 .ARM.attributes
                0x0000000000000052       0x34 ./Core/Src/freertos.o
 .ARM.attributes
                0x0000000000000086       0x34 ./Core/Src/gpio.o
 .ARM.attributes
                0x00000000000000ba       0x34 ./Core/Src/main.o
 .ARM.attributes
                0x00000000000000ee       0x34 ./Core/Src/stm32f4xx_hal_msp.o
 .ARM.attributes
                0x0000000000000122       0x34 ./Core/Src/stm32f4xx_it.o
 .ARM.attributes
                0x0000000000000156       0x34 ./Core/Src/system_stm32f4xx.o
 .ARM.attributes
                0x000000000000018a       0x21 ./Core/Startup/startup_stm32f407vgtx.o
 .ARM.attributes
                0x00000000000001ab       0x34 ./Drivers/STM32F4xx_HAL_Driver/Src/stm32f4xx_hal.o
 .ARM.attributes
                0x00000000000001df       0x34 ./Drivers/STM32F4xx_HAL_Driver/Src/stm32f4xx_hal_cortex.o
 .ARM.attributes
                0x0000000000000213       0x34 ./Drivers/STM32F4xx_HAL_Driver/Src/stm32f4xx_hal_gpio.o
 .ARM.attributes
                0x0000000000000247       0x34 ./Drivers/STM32F4xx_HAL_Driver/Src/stm32f4xx_hal_rcc.o
 .ARM.attributes
                0x000000000000027b       0x34 ./Middlewares/Third_Party/FreeRTOS/Source/list.o
 .ARM.attributes
                0x00000000000002af       0x34 ./Middlewares/Third_Party/FreeRTOS/Source/queue.o
 .ARM.attributes
                0x00000000000002e3       0x34 ./Middlewares/Third_Party/FreeRTOS/Source/tasks.o
 .ARM.attributes
                0x0000000000000317       0x34 ./Middlewares/Third_Party/FreeRTOS/Source/portable/GCC/ARM_CM4F/port.o
 .ARM.attributes
                0x000000000000034b       0x34 ./Middlewares/Third_Party/FreeRTOS/Source/portable/MemMang/heap_2.o
 .ARM.attributes
                0x000000000000037f       0x34 /opt/st/stm32cubeide_1.11.0/plugins/com.st.stm32cube.ide.mcu.externaltools.gnu-tools-for-stm32.10.3-2021.10.linux64_1.0.100.202210260954/tools/bin/../lib/gcc/arm-none-eabi/10.3.1/../../../../arm-none-eabi/lib/thumb/v7e-m+fp/hard/libc_nano.a(lib_a-init.o)
 .ARM.attributes
                0x00000000000003b3       0x34 /opt/st/stm32cubeide_1.11.0/plugins/com.st.stm32cube.ide.mcu.externaltools.gnu-tools-for-stm32.10.3-2021.10.linux64_1.0.100.202210260954/tools/bin/../lib/gcc/arm-none-eabi/10.3.1/../../../../arm-none-eabi/lib/thumb/v7e-m+fp/hard/libc_nano.a(lib_a-memcpy-stub.o)
 .ARM.attributes
                0x00000000000003e7       0x34 /opt/st/stm32cubeide_1.11.0/plugins/com.st.stm32cube.ide.mcu.externaltools.gnu-tools-for-stm32.10.3-2021.10.linux64_1.0.100.202210260954/tools/bin/../lib/gcc/arm-none-eabi/10.3.1/../../../../arm-none-eabi/lib/thumb/v7e-m+fp/hard/libc_nano.a(lib_a-memset.o)
 .ARM.attributes
                0x000000000000041b       0x1e /opt/st/stm32cubeide_1.11.0/plugins/com.st.stm32cube.ide.mcu.externaltools.gnu-tools-for-stm32.10.3-2021.10.linux64_1.0.100.202210260954/tools/bin/../lib/gcc/arm-none-eabi/10.3.1/thumb/v7e-m+fp/hard/libgcc.a(_aeabi_uldivmod.o)
 .ARM.attributes
                0x0000000000000439       0x34 /opt/st/stm32cubeide_1.11.0/plugins/com.st.stm32cube.ide.mcu.externaltools.gnu-tools-for-stm32.10.3-2021.10.linux64_1.0.100.202210260954/tools/bin/../lib/gcc/arm-none-eabi/10.3.1/thumb/v7e-m+fp/hard/libgcc.a(_udivmoddi4.o)
 .ARM.attributes
                0x000000000000046d       0x1e /opt/st/stm32cubeide_1.11.0/plugins/com.st.stm32cube.ide.mcu.externaltools.gnu-tools-for-stm32.10.3-2021.10.linux64_1.0.100.202210260954/tools/bin/../lib/gcc/arm-none-eabi/10.3.1/thumb/v7e-m+fp/hard/libgcc.a(_dvmd_tls.o)
 .ARM.attributes
                0x000000000000048b       0x1e /opt/st/stm32cubeide_1.11.0/plugins/com.st.stm32cube.ide.mcu.externaltools.gnu-tools-for-stm32.10.3-2021.10.linux64_1.0.100.202210260954/tools/bin/../lib/gcc/arm-none-eabi/10.3.1/thumb/v7e-m+fp/hard/crtn.o
OUTPUT(Lab_FreeRTOS_Button.elf elf32-littlearm)
LOAD linker stubs
LOAD /opt/st/stm32cubeide_1.11.0/plugins/com.st.stm32cube.ide.mcu.externaltools.gnu-tools-for-stm32.10.3-2021.10.linux64_1.0.100.202210260954/tools/bin/../lib/gcc/arm-none-eabi/10.3.1/../../../../arm-none-eabi/lib/thumb/v7e-m+fp/hard/libc.a
LOAD /opt/st/stm32cubeide_1.11.0/plugins/com.st.stm32cube.ide.mcu.externaltools.gnu-tools-for-stm32.10.3-2021.10.linux64_1.0.100.202210260954/tools/bin/../lib/gcc/arm-none-eabi/10.3.1/../../../../arm-none-eabi/lib/thumb/v7e-m+fp/hard/libm.a
LOAD /opt/st/stm32cubeide_1.11.0/plugins/com.st.stm32cube.ide.mcu.externaltools.gnu-tools-for-stm32.10.3-2021.10.linux64_1.0.100.202210260954/tools/bin/../lib/gcc/arm-none-eabi/10.3.1/thumb/v7e-m+fp/hard/libgcc.a

.debug_info     0x0000000000000000     0x8c28
 .debug_info    0x0000000000000000      0x4d1 ./Core/Src/freertos.o
 .debug_info    0x00000000000004d1      0x711 ./Core/Src/gpio.o
 .debug_info    0x0000000000000be2      0xa96 ./Core/Src/main.o
 .debug_info    0x0000000000001678      0x4f6 ./Core/Src/stm32f4xx_hal_msp.o
 .debug_info    0x0000000000001b6e      0x161 ./Core/Src/stm32f4xx_it.o
 .debug_info    0x0000000000001ccf      0x523 ./Core/Src/system_stm32f4xx.o
 .debug_info    0x00000000000021f2       0x22 ./Core/Startup/startup_stm32f407vgtx.o
 .debug_info    0x0000000000002214      0x97c ./Drivers/STM32F4xx_HAL_Driver/Src/stm32f4xx_hal.o
 .debug_info    0x0000000000002b90      0xe1b ./Drivers/STM32F4xx_HAL_Driver/Src/stm32f4xx_hal_cortex.o
 .debug_info    0x00000000000039ab      0x76a ./Drivers/STM32F4xx_HAL_Driver/Src/stm32f4xx_hal_gpio.o
 .debug_info    0x0000000000004115      0x966 ./Drivers/STM32F4xx_HAL_Driver/Src/stm32f4xx_hal_rcc.o
 .debug_info    0x0000000000004a7b      0x2d1 ./Middlewares/Third_Party/FreeRTOS/Source/list.o
 .debug_info    0x0000000000004d4c     0x18e1 ./Middlewares/Third_Party/FreeRTOS/Source/queue.o
 .debug_info    0x000000000000662d     0x1de4 ./Middlewares/Third_Party/FreeRTOS/Source/tasks.o
 .debug_info    0x0000000000008411      0x507 ./Middlewares/Third_Party/FreeRTOS/Source/portable/GCC/ARM_CM4F/port.o
 .debug_info    0x0000000000008918      0x310 ./Middlewares/Third_Party/FreeRTOS/Source/portable/MemMang/heap_2.o

.debug_abbrev   0x0000000000000000     0x1d92
 .debug_abbrev  0x0000000000000000      0x166 ./Core/Src/freertos.o
 .debug_abbrev  0x0000000000000166      0x191 ./Core/Src/gpio.o
 .debug_abbrev  0x00000000000002f7      0x25b ./Core/Src/main.o
 .debug_abbrev  0x0000000000000552      0x115 ./Core/Src/stm32f4xx_hal_msp.o
 .debug_abbrev  0x0000000000000667       0xb4 ./Core/Src/stm32f4xx_it.o
 .debug_abbrev  0x000000000000071b      0x116 ./Core/Src/system_stm32f4xx.o
 .debug_abbrev  0x0000000000000831       0x12 ./Core/Startup/startup_stm32f407vgtx.o
 .debug_abbrev  0x0000000000000843      0x20d ./Drivers/STM32F4xx_HAL_Driver/Src/stm32f4xx_hal.o
 .debug_abbrev  0x0000000000000a50      0x316 ./Drivers/STM32F4xx_HAL_Driver/Src/stm32f4xx_hal_cortex.o
 .debug_abbrev  0x0000000000000d66      0x1c4 ./Drivers/STM32F4xx_HAL_Driver/Src/stm32f4xx_hal_gpio.o
 .debug_abbrev  0x0000000000000f2a      0x2aa ./Drivers/STM32F4xx_HAL_Driver/Src/stm32f4xx_hal_rcc.o
 .debug_abbrev  0x00000000000011d4       0xf2 ./Middlewares/Third_Party/FreeRTOS/Source/list.o
 .debug_abbrev  0x00000000000012c6      0x3a1 ./Middlewares/Third_Party/FreeRTOS/Source/queue.o
 .debug_abbrev  0x0000000000001667      0x34e ./Middlewares/Third_Party/FreeRTOS/Source/tasks.o
 .debug_abbrev  0x00000000000019b5      0x259 ./Middlewares/Third_Party/FreeRTOS/Source/portable/GCC/ARM_CM4F/port.o
 .debug_abbrev  0x0000000000001c0e      0x184 ./Middlewares/Third_Party/FreeRTOS/Source/portable/MemMang/heap_2.o

.debug_aranges  0x0000000000000000      0x820
 .debug_aranges
                0x0000000000000000       0x30 ./Core/Src/freertos.o
 .debug_aranges
                0x0000000000000030       0x28 ./Core/Src/gpio.o
 .debug_aranges
                0x0000000000000058       0x58 ./Core/Src/main.o
 .debug_aranges
                0x00000000000000b0       0x20 ./Core/Src/stm32f4xx_hal_msp.o
 .debug_aranges
                0x00000000000000d0       0x58 ./Core/Src/stm32f4xx_it.o
 .debug_aranges
                0x0000000000000128       0x28 ./Core/Src/system_stm32f4xx.o
 .debug_aranges
                0x0000000000000150       0x28 ./Core/Startup/startup_stm32f407vgtx.o
 .debug_aranges
                0x0000000000000178       0xf0 ./Drivers/STM32F4xx_HAL_Driver/Src/stm32f4xx_hal.o
 .debug_aranges
                0x0000000000000268      0x118 ./Drivers/STM32F4xx_HAL_Driver/Src/stm32f4xx_hal_cortex.o
 .debug_aranges
                0x0000000000000380       0x58 ./Drivers/STM32F4xx_HAL_Driver/Src/stm32f4xx_hal_gpio.o
 .debug_aranges
                0x00000000000003d8       0x88 ./Drivers/STM32F4xx_HAL_Driver/Src/stm32f4xx_hal_rcc.o
 .debug_aranges
                0x0000000000000460       0x40 ./Middlewares/Third_Party/FreeRTOS/Source/list.o
 .debug_aranges
                0x00000000000004a0      0x108 ./Middlewares/Third_Party/FreeRTOS/Source/queue.o
 .debug_aranges
                0x00000000000005a8      0x1b8 ./Middlewares/Third_Party/FreeRTOS/Source/tasks.o
 .debug_aranges
                0x0000000000000760       0x80 ./Middlewares/Third_Party/FreeRTOS/Source/portable/GCC/ARM_CM4F/port.o
 .debug_aranges
                0x00000000000007e0       0x40 ./Middlewares/Third_Party/FreeRTOS/Source/portable/MemMang/heap_2.o

.debug_ranges   0x0000000000000000      0x728
 .debug_ranges  0x0000000000000000       0x20 ./Core/Src/freertos.o
 .debug_ranges  0x0000000000000020       0x18 ./Core/Src/gpio.o
 .debug_ranges  0x0000000000000038       0x48 ./Core/Src/main.o
 .debug_ranges  0x0000000000000080       0x10 ./Core/Src/stm32f4xx_hal_msp.o
 .debug_ranges  0x0000000000000090       0x48 ./Core/Src/stm32f4xx_it.o
 .debug_ranges  0x00000000000000d8       0x18 ./Core/Src/system_stm32f4xx.o
 .debug_ranges  0x00000000000000f0       0x20 ./Core/Startup/startup_stm32f407vgtx.o
 .debug_ranges  0x0000000000000110       0xe0 ./Drivers/STM32F4xx_HAL_Driver/Src/stm32f4xx_hal.o
 .debug_ranges  0x00000000000001f0      0x108 ./Drivers/STM32F4xx_HAL_Driver/Src/stm32f4xx_hal_cortex.o
 .debug_ranges  0x00000000000002f8       0x48 ./Drivers/STM32F4xx_HAL_Driver/Src/stm32f4xx_hal_gpio.o
 .debug_ranges  0x0000000000000340       0x78 ./Drivers/STM32F4xx_HAL_Driver/Src/stm32f4xx_hal_rcc.o
 .debug_ranges  0x00000000000003b8       0x30 ./Middlewares/Third_Party/FreeRTOS/Source/list.o
 .debug_ranges  0x00000000000003e8       0xf8 ./Middlewares/Third_Party/FreeRTOS/Source/queue.o
 .debug_ranges  0x00000000000004e0      0x1a8 ./Middlewares/Third_Party/FreeRTOS/Source/tasks.o
 .debug_ranges  0x0000000000000688       0x70 ./Middlewares/Third_Party/FreeRTOS/Source/portable/GCC/ARM_CM4F/port.o
 .debug_ranges  0x00000000000006f8       0x30 ./Middlewares/Third_Party/FreeRTOS/Source/portable/MemMang/heap_2.o

.debug_macro    0x0000000000000000    0x20a61
 .debug_macro   0x0000000000000000      0x273 ./Core/Src/freertos.o
 .debug_macro   0x0000000000000273      0xa78 ./Core/Src/freertos.o
 .debug_macro   0x0000000000000ceb      0x174 ./Core/Src/freertos.o
 .debug_macro   0x0000000000000e5f       0x22 ./Core/Src/freertos.o
 .debug_macro   0x0000000000000e81       0x8e ./Core/Src/freertos.o
 .debug_macro   0x0000000000000f0f       0x51 ./Core/Src/freertos.o
 .debug_macro   0x0000000000000f60      0x103 ./Core/Src/freertos.o
 .debug_macro   0x0000000000001063       0x6a ./Core/Src/freertos.o
 .debug_macro   0x00000000000010cd      0x1df ./Core/Src/freertos.o
 .debug_macro   0x00000000000012ac       0xe4 ./Core/Src/freertos.o
 .debug_macro   0x0000000000001390      0x15a ./Core/Src/freertos.o
 .debug_macro   0x00000000000014ea       0xde ./Core/Src/freertos.o
 .debug_macro   0x00000000000015c8       0x1c ./Core/Src/freertos.o
 .debug_macro   0x00000000000015e4       0x26 ./Core/Src/freertos.o
 .debug_macro   0x000000000000160a      0x504 ./Core/Src/freertos.o
 .debug_macro   0x0000000000001b0e       0xb5 ./Core/Src/freertos.o
 .debug_macro   0x0000000000001bc3       0xaa ./Core/Src/freertos.o
 .debug_macro   0x0000000000001c6d      0x28f ./Core/Src/freertos.o
 .debug_macro   0x0000000000001efc       0x2e ./Core/Src/freertos.o
 .debug_macro   0x0000000000001f2a       0x2f ./Core/Src/freertos.o
 .debug_macro   0x0000000000001f59       0x1c ./Core/Src/freertos.o
 .debug_macro   0x0000000000001f75       0x22 ./Core/Src/freertos.o
 .debug_macro   0x0000000000001f97       0xd9 ./Core/Src/freertos.o
 .debug_macro   0x0000000000002070     0x102d ./Core/Src/freertos.o
 .debug_macro   0x000000000000309d      0x11f ./Core/Src/freertos.o
 .debug_macro   0x00000000000031bc    0x15e82 ./Core/Src/freertos.o
 .debug_macro   0x000000000001903e       0x6d ./Core/Src/freertos.o
 .debug_macro   0x00000000000190ab     0x367e ./Core/Src/freertos.o
 .debug_macro   0x000000000001c729       0x5c ./Core/Src/freertos.o
 .debug_macro   0x000000000001c785      0x96b ./Core/Src/freertos.o
 .debug_macro   0x000000000001d0f0      0x9fe ./Core/Src/freertos.o
 .debug_macro   0x000000000001daee      0x115 ./Core/Src/freertos.o
 .debug_macro   0x000000000001dc03      0x13e ./Core/Src/freertos.o
 .debug_macro   0x000000000001dd41       0xa5 ./Core/Src/freertos.o
 .debug_macro   0x000000000001dde6      0x174 ./Core/Src/freertos.o
 .debug_macro   0x000000000001df5a      0x287 ./Core/Src/freertos.o
 .debug_macro   0x000000000001e1e1       0x5f ./Core/Src/freertos.o
 .debug_macro   0x000000000001e240      0x236 ./Core/Src/freertos.o
 .debug_macro   0x000000000001e476      0x12c ./Core/Src/freertos.o
 .debug_macro   0x000000000001e5a2      0x21e ./Core/Src/freertos.o
 .debug_macro   0x000000000001e7c0       0x2e ./Core/Src/freertos.o
 .debug_macro   0x000000000001e7ee      0x11a ./Core/Src/freertos.o
 .debug_macro   0x000000000001e908       0x7e ./Core/Src/freertos.o
 .debug_macro   0x000000000001e986       0x89 ./Core/Src/freertos.o
 .debug_macro   0x000000000001ea0f      0x12d ./Core/Src/freertos.o
 .debug_macro   0x000000000001eb3c       0x91 ./Core/Src/freertos.o
 .debug_macro   0x000000000001ebcd       0x8d ./Core/Src/freertos.o
 .debug_macro   0x000000000001ec5a       0x7e ./Core/Src/freertos.o
 .debug_macro   0x000000000001ecd8       0x19 ./Core/Src/freertos.o
 .debug_macro   0x000000000001ecf1       0xf2 ./Core/Src/freertos.o
 .debug_macro   0x000000000001ede3      0x1cf ./Core/Src/gpio.o
 .debug_macro   0x000000000001efb2       0x4c ./Core/Src/gpio.o
 .debug_macro   0x000000000001effe      0x286 ./Core/Src/main.o
 .debug_macro   0x000000000001f284       0xe4 ./Core/Src/main.o
 .debug_macro   0x000000000001f368      0x1c0 ./Core/Src/stm32f4xx_hal_msp.o
 .debug_macro   0x000000000001f528      0x232 ./Core/Src/stm32f4xx_it.o
 .debug_macro   0x000000000001f75a      0x1b0 ./Core/Src/system_stm32f4xx.o
 .debug_macro   0x000000000001f90a      0x210 ./Drivers/STM32F4xx_HAL_Driver/Src/stm32f4xx_hal.o
 .debug_macro   0x000000000001fb1a      0x1b0 ./Drivers/STM32F4xx_HAL_Driver/Src/stm32f4xx_hal_cortex.o
 .debug_macro   0x000000000001fcca      0x1b6 ./Drivers/STM32F4xx_HAL_Driver/Src/stm32f4xx_hal_gpio.o
 .debug_macro   0x000000000001fe80      0x1d4 ./Drivers/STM32F4xx_HAL_Driver/Src/stm32f4xx_hal_rcc.o
 .debug_macro   0x0000000000020054      0x187 ./Middlewares/Third_Party/FreeRTOS/Source/list.o
 .debug_macro   0x00000000000201db      0x216 ./Middlewares/Third_Party/FreeRTOS/Source/queue.o
 .debug_macro   0x00000000000203f1       0x16 ./Middlewares/Third_Party/FreeRTOS/Source/queue.o
 .debug_macro   0x0000000000020407       0x87 ./Middlewares/Third_Party/FreeRTOS/Source/queue.o
 .debug_macro   0x000000000002048e      0x279 ./Middlewares/Third_Party/FreeRTOS/Source/tasks.o
 .debug_macro   0x0000000000020707       0x10 ./Middlewares/Third_Party/FreeRTOS/Source/tasks.o
 .debug_macro   0x0000000000020717      0x196 ./Middlewares/Third_Party/FreeRTOS/Source/portable/GCC/ARM_CM4F/port.o
 .debug_macro   0x00000000000208ad      0x1b4 ./Middlewares/Third_Party/FreeRTOS/Source/portable/MemMang/heap_2.o

.debug_line     0x0000000000000000     0x9d61
 .debug_line    0x0000000000000000      0x808 ./Core/Src/freertos.o
 .debug_line    0x0000000000000808      0x69a ./Core/Src/gpio.o
 .debug_line    0x0000000000000ea2      0x973 ./Core/Src/main.o
 .debug_line    0x0000000000001815      0x657 ./Core/Src/stm32f4xx_hal_msp.o
 .debug_line    0x0000000000001e6c      0x817 ./Core/Src/stm32f4xx_it.o
 .debug_line    0x0000000000002683      0x6d8 ./Core/Src/system_stm32f4xx.o
 .debug_line    0x0000000000002d5b       0x88 ./Core/Startup/startup_stm32f407vgtx.o
 .debug_line    0x0000000000002de3      0x93e ./Drivers/STM32F4xx_HAL_Driver/Src/stm32f4xx_hal.o
 .debug_line    0x0000000000003721      0xbed ./Drivers/STM32F4xx_HAL_Driver/Src/stm32f4xx_hal_cortex.o
 .debug_line    0x000000000000430e      0xab2 ./Drivers/STM32F4xx_HAL_Driver/Src/stm32f4xx_hal_gpio.o
 .debug_line    0x0000000000004dc0      0xcba ./Drivers/STM32F4xx_HAL_Driver/Src/stm32f4xx_hal_rcc.o
 .debug_line    0x0000000000005a7a      0x6da ./Middlewares/Third_Party/FreeRTOS/Source/list.o
 .debug_line    0x0000000000006154     0x145b ./Middlewares/Third_Party/FreeRTOS/Source/queue.o
 .debug_line    0x00000000000075af     0x18ea ./Middlewares/Third_Party/FreeRTOS/Source/tasks.o
 .debug_line    0x0000000000008e99      0x788 ./Middlewares/Third_Party/FreeRTOS/Source/portable/GCC/ARM_CM4F/port.o
 .debug_line    0x0000000000009621      0x740 ./Middlewares/Third_Party/FreeRTOS/Source/portable/MemMang/heap_2.o

.debug_str      0x0000000000000000    0xc78ee
 .debug_str     0x0000000000000000    0xc093f ./Core/Src/freertos.o
                                      0xc0c07 (size before relaxing)
 .debug_str     0x00000000000c093f      0x82f ./Core/Src/gpio.o
                                      0xbb131 (size before relaxing)
 .debug_str     0x00000000000c116e      0x320 ./Core/Src/main.o
                                      0xc1313 (size before relaxing)
 .debug_str     0x00000000000c148e       0x2c ./Core/Src/stm32f4xx_hal_msp.o
                                      0xbaeeb (size before relaxing)
 .debug_str     0x00000000000c14ba      0x103 ./Core/Src/stm32f4xx_it.o
                                      0xbe76e (size before relaxing)
 .debug_str     0x00000000000c15bd       0xdb ./Core/Src/system_stm32f4xx.o
                                      0xbaa81 (size before relaxing)
 .debug_str     0x00000000000c1698       0x36 ./Core/Startup/startup_stm32f407vgtx.o
                                         0x6b (size before relaxing)
 .debug_str     0x00000000000c16ce      0x617 ./Drivers/STM32F4xx_HAL_Driver/Src/stm32f4xx_hal.o
                                      0xbb605 (size before relaxing)
 .debug_str     0x00000000000c1ce5      0x31d ./Drivers/STM32F4xx_HAL_Driver/Src/stm32f4xx_hal_cortex.o
                                      0xbb338 (size before relaxing)
 .debug_str     0x00000000000c2002       0xf8 ./Drivers/STM32F4xx_HAL_Driver/Src/stm32f4xx_hal_gpio.o
                                      0xbabfc (size before relaxing)
 .debug_str     0x00000000000c20fa      0x233 ./Drivers/STM32F4xx_HAL_Driver/Src/stm32f4xx_hal_rcc.o
                                      0xbaeb5 (size before relaxing)
 .debug_str     0x00000000000c232d     0x2fb2 ./Middlewares/Third_Party/FreeRTOS/Source/list.o
                                       0xa652 (size before relaxing)
 .debug_str     0x00000000000c52df      0xaa0 ./Middlewares/Third_Party/FreeRTOS/Source/queue.o
                                       0xbfe5 (size before relaxing)
 .debug_str     0x00000000000c5d7f     0x108f ./Middlewares/Third_Party/FreeRTOS/Source/tasks.o
                                       0xc9bd (size before relaxing)
 .debug_str     0x00000000000c6e0e      0x783 ./Middlewares/Third_Party/FreeRTOS/Source/portable/GCC/ARM_CM4F/port.o
                                       0x85c3 (size before relaxing)
 .debug_str     0x00000000000c7591      0x35d ./Middlewares/Third_Party/FreeRTOS/Source/portable/MemMang/heap_2.o
                                       0xaf7e (size before relaxing)

.comment        0x0000000000000000       0x50
 .comment       0x0000000000000000       0x50 ./Core/Src/freertos.o
                                         0x51 (size before relaxing)
 .comment       0x0000000000000050       0x51 ./Core/Src/gpio.o
 .comment       0x0000000000000050       0x51 ./Core/Src/main.o
 .comment       0x0000000000000050       0x51 ./Core/Src/stm32f4xx_hal_msp.o
 .comment       0x0000000000000050       0x51 ./Core/Src/stm32f4xx_it.o
 .comment       0x0000000000000050       0x51 ./Core/Src/system_stm32f4xx.o
 .comment       0x0000000000000050       0x51 ./Drivers/STM32F4xx_HAL_Driver/Src/stm32f4xx_hal.o
 .comment       0x0000000000000050       0x51 ./Drivers/STM32F4xx_HAL_Driver/Src/stm32f4xx_hal_cortex.o
 .comment       0x0000000000000050       0x51 ./Drivers/STM32F4xx_HAL_Driver/Src/stm32f4xx_hal_gpio.o
 .comment       0x0000000000000050       0x51 ./Drivers/STM32F4xx_HAL_Driver/Src/stm32f4xx_hal_rcc.o
 .comment       0x0000000000000050       0x51 ./Middlewares/Third_Party/FreeRTOS/Source/list.o
 .comment       0x0000000000000050       0x51 ./Middlewares/Third_Party/FreeRTOS/Source/queue.o
 .comment       0x0000000000000050       0x51 ./Middlewares/Third_Party/FreeRTOS/Source/tasks.o
 .comment       0x0000000000000050       0x51 ./Middlewares/Third_Party/FreeRTOS/Source/portable/GCC/ARM_CM4F/port.o
 .comment       0x0000000000000050       0x51 ./Middlewares/Third_Party/FreeRTOS/Source/portable/MemMang/heap_2.o

.debug_frame    0x0000000000000000     0x1e9c
 .debug_frame   0x0000000000000000       0x80 ./Core/Src/freertos.o
 .debug_frame   0x0000000000000080       0x58 ./Core/Src/gpio.o
 .debug_frame   0x00000000000000d8      0x110 ./Core/Src/main.o
 .debug_frame   0x00000000000001e8       0x34 ./Core/Src/stm32f4xx_hal_msp.o
 .debug_frame   0x000000000000021c       0xe0 ./Core/Src/stm32f4xx_it.o
 .debug_frame   0x00000000000002fc       0x58 ./Core/Src/system_stm32f4xx.o
 .debug_frame   0x0000000000000354      0x374 ./Drivers/STM32F4xx_HAL_Driver/Src/stm32f4xx_hal.o
 .debug_frame   0x00000000000006c8      0x498 ./Drivers/STM32F4xx_HAL_Driver/Src/stm32f4xx_hal_cortex.o
 .debug_frame   0x0000000000000b60      0x14c ./Drivers/STM32F4xx_HAL_Driver/Src/stm32f4xx_hal_gpio.o
 .debug_frame   0x0000000000000cac      0x1f4 ./Drivers/STM32F4xx_HAL_Driver/Src/stm32f4xx_hal_rcc.o
 .debug_frame   0x0000000000000ea0       0xd8 ./Middlewares/Third_Party/FreeRTOS/Source/list.o
 .debug_frame   0x0000000000000f78      0x46c ./Middlewares/Third_Party/FreeRTOS/Source/queue.o
 .debug_frame   0x00000000000013e4      0x77c ./Middlewares/Third_Party/FreeRTOS/Source/tasks.o
 .debug_frame   0x0000000000001b60      0x1a8 ./Middlewares/Third_Party/FreeRTOS/Source/portable/GCC/ARM_CM4F/port.o
 .debug_frame   0x0000000000001d08       0xc0 ./Middlewares/Third_Party/FreeRTOS/Source/portable/MemMang/heap_2.o
 .debug_frame   0x0000000000001dc8       0x2c /opt/st/stm32cubeide_1.11.0/plugins/com.st.stm32cube.ide.mcu.externaltools.gnu-tools-for-stm32.10.3-2021.10.linux64_1.0.100.202210260954/tools/bin/../lib/gcc/arm-none-eabi/10.3.1/../../../../arm-none-eabi/lib/thumb/v7e-m+fp/hard/libc_nano.a(lib_a-init.o)
 .debug_frame   0x0000000000001df4       0x28 /opt/st/stm32cubeide_1.11.0/plugins/com.st.stm32cube.ide.mcu.externaltools.gnu-tools-for-stm32.10.3-2021.10.linux64_1.0.100.202210260954/tools/bin/../lib/gcc/arm-none-eabi/10.3.1/../../../../arm-none-eabi/lib/thumb/v7e-m+fp/hard/libc_nano.a(lib_a-memcpy-stub.o)
 .debug_frame   0x0000000000001e1c       0x20 /opt/st/stm32cubeide_1.11.0/plugins/com.st.stm32cube.ide.mcu.externaltools.gnu-tools-for-stm32.10.3-2021.10.linux64_1.0.100.202210260954/tools/bin/../lib/gcc/arm-none-eabi/10.3.1/../../../../arm-none-eabi/lib/thumb/v7e-m+fp/hard/libc_nano.a(lib_a-memset.o)
 .debug_frame   0x0000000000001e3c       0x2c /opt/st/stm32cubeide_1.11.0/plugins/com.st.stm32cube.ide.mcu.externaltools.gnu-tools-for-stm32.10.3-2021.10.linux64_1.0.100.202210260954/tools/bin/../lib/gcc/arm-none-eabi/10.3.1/thumb/v7e-m+fp/hard/libgcc.a(_aeabi_uldivmod.o)
 .debug_frame   0x0000000000001e68       0x34 /opt/st/stm32cubeide_1.11.0/plugins/com.st.stm32cube.ide.mcu.externaltools.gnu-tools-for-stm32.10.3-2021.10.linux64_1.0.100.202210260954/tools/bin/../lib/gcc/arm-none-eabi/10.3.1/thumb/v7e-m+fp/hard/libgcc.a(_udivmoddi4.o)
